#-----------------------------------------------------------
# Vivado v2023.1 (64-bit)
# SW Build 3865809 on Sun May  7 15:05:29 MDT 2023
# IP Build 3864474 on Sun May  7 20:36:21 MDT 2023
# SharedData Build 3865790 on Sun May 07 13:33:03 MDT 2023
# Start of session at: Tue Nov 19 12:59:05 2024
# Process ID: 3356
# Current directory: C:/Users/UTENTE/Desktop/Magistrale/ASDi/1_Vivado/1_miei/1_3_reteInterconnessione_board/1_3_reteInterconnessione_board.runs/synth_1
# Command line: vivado.exe -log reteInterconnessione_16_4.vds -product Vivado -mode batch -messageDb vivado.pb -notrace -source reteInterconnessione_16_4.tcl
# Log file: C:/Users/UTENTE/Desktop/Magistrale/ASDi/1_Vivado/1_miei/1_3_reteInterconnessione_board/1_3_reteInterconnessione_board.runs/synth_1/reteInterconnessione_16_4.vds
# Journal file: C:/Users/UTENTE/Desktop/Magistrale/ASDi/1_Vivado/1_miei/1_3_reteInterconnessione_board/1_3_reteInterconnessione_board.runs/synth_1\vivado.jou
# Running On: DESKTOP-J65OIEO, OS: Windows, CPU Frequency: 1992 MHz, CPU Physical cores: 4, Host memory: 8432 MB
#-----------------------------------------------------------
source reteInterconnessione_16_4.tcl -notrace
