#-----------------------------------------------------------
# Vivado v2023.1 (64-bit)
# SW Build 3865809 on Sun May  7 15:05:29 MDT 2023
# IP Build 3864474 on Sun May  7 20:36:21 MDT 2023
# SharedData Build 3865790 on Sun May 07 13:33:03 MDT 2023
# Start of session at: Thu Nov 28 12:48:21 2024
# Process ID: 16040
# Current directory: C:/Users/UTENTE/Desktop/Magistrale/ASDi/1_Vivado/1_miei/2_1_Sistema_Rom_M
# Command line: vivado.exe -gui_launcher_event rodinguilauncherevent13920 C:\Users\UTENTE\Desktop\Magistrale\ASDi\1_Vivado\1_miei\2_1_Sistema_Rom_M\2_1_Sistema_Rom_M.xpr
# Log file: C:/Users/UTENTE/Desktop/Magistrale/ASDi/1_Vivado/1_miei/2_1_Sistema_Rom_M/vivado.log
# Journal file: C:/Users/UTENTE/Desktop/Magistrale/ASDi/1_Vivado/1_miei/2_1_Sistema_Rom_M\vivado.jou
# Running On: DESKTOP-J65OIEO, OS: Windows, CPU Frequency: 1992 MHz, CPU Physical cores: 4, Host memory: 8432 MB
#-----------------------------------------------------------
start_gui
open_project C:/Users/UTENTE/Desktop/Magistrale/ASDi/1_Vivado/1_miei/2_1_Sistema_Rom_M/2_1_Sistema_Rom_M.xpr
update_compile_order -fileset sources_1
close_project
open_project C:/Users/UTENTE/Desktop/Magistrale/ASDi/1_Vivado/1_miei/3_1_riconoscitoreSequenza/3_1_riconoscitoreSequenza.xpr
update_compile_order -fileset sources_1
synth_design -rtl -rtl_skip_mlo -name rtl_1
