#-----------------------------------------------------------
# Vivado v2023.1 (64-bit)
# SW Build 3865809 on Sun May  7 15:05:29 MDT 2023
# IP Build 3864474 on Sun May  7 20:36:21 MDT 2023
# SharedData Build 3865790 on Sun May 07 13:33:03 MDT 2023
# Start of session at: Tue Oct 22 19:27:06 2024
# Process ID: 19476
# Current directory: C:/Users/Fabio/Desktop/Magistrale/Architettura dei Sistemi Digitali/vhdl/suoi/1_MUX2_1_multipleArch/1_MUX2_1_multipleArch/1_MUX2_1_multipleArch.runs/synth_1
# Command line: vivado.exe -log mux_2_1.vds -product Vivado -mode batch -messageDb vivado.pb -notrace -source mux_2_1.tcl
# Log file: C:/Users/Fabio/Desktop/Magistrale/Architettura dei Sistemi Digitali/vhdl/suoi/1_MUX2_1_multipleArch/1_MUX2_1_multipleArch/1_MUX2_1_multipleArch.runs/synth_1/mux_2_1.vds
# Journal file: C:/Users/Fabio/Desktop/Magistrale/Architettura dei Sistemi Digitali/vhdl/suoi/1_MUX2_1_multipleArch/1_MUX2_1_multipleArch/1_MUX2_1_multipleArch.runs/synth_1\vivado.jou
# Running On: DESKTOP-MFGGA9M, OS: Windows, CPU Frequency: 3700 MHz, CPU Physical cores: 12, Host memory: 17102 MB
#-----------------------------------------------------------
source mux_2_1.tcl -notrace
