#-----------------------------------------------------------
# Vivado v2023.1 (64-bit)
# SW Build 3865809 on Sun May  7 15:05:29 MDT 2023
# IP Build 3864474 on Sun May  7 20:36:21 MDT 2023
# SharedData Build 3865790 on Sun May 07 13:33:03 MDT 2023
# Start of session at: Mon Jan 27 19:38:23 2025
# Process ID: 11064
# Current directory: C:/Users/Fabio/Desktop/Magistrale/Architettura_dei_Sistemi_Digitali/vhdl/1_miei/3_2_RiconoscitoreBoard/3_2_RiconoscitoreBoard.runs/synth_1
# Command line: vivado.exe -log TopModule.vds -product Vivado -mode batch -messageDb vivado.pb -notrace -source TopModule.tcl
# Log file: C:/Users/Fabio/Desktop/Magistrale/Architettura_dei_Sistemi_Digitali/vhdl/1_miei/3_2_RiconoscitoreBoard/3_2_RiconoscitoreBoard.runs/synth_1/TopModule.vds
# Journal file: C:/Users/Fabio/Desktop/Magistrale/Architettura_dei_Sistemi_Digitali/vhdl/1_miei/3_2_RiconoscitoreBoard/3_2_RiconoscitoreBoard.runs/synth_1\vivado.jou
# Running On: DESKTOP-MFGGA9M, OS: Windows, CPU Frequency: 3700 MHz, CPU Physical cores: 12, Host memory: 17102 MB
#-----------------------------------------------------------
source TopModule.tcl -notrace
