#-----------------------------------------------------------
# Vivado v2023.1 (64-bit)
# SW Build 3865809 on Sun May  7 15:05:29 MDT 2023
# IP Build 3864474 on Sun May  7 20:36:21 MDT 2023
# SharedData Build 3865790 on Sun May 07 13:33:03 MDT 2023
# Start of session at: Tue Nov 26 21:09:11 2024
# Process ID: 7416
# Current directory: C:/Users/Fabio/Desktop/Magistrale/Architettura_dei_Sistemi_Digitali/vhdl/1_miei/3_2_RiconoscitoreBoard
# Command line: vivado.exe -gui_launcher_event rodinguilauncherevent25644 C:\Users\Fabio\Desktop\Magistrale\Architettura_dei_Sistemi_Digitali\vhdl\1_miei\3_2_RiconoscitoreBoard\3_2_RiconoscitoreBoard.xpr
# Log file: C:/Users/Fabio/Desktop/Magistrale/Architettura_dei_Sistemi_Digitali/vhdl/1_miei/3_2_RiconoscitoreBoard/vivado.log
# Journal file: C:/Users/Fabio/Desktop/Magistrale/Architettura_dei_Sistemi_Digitali/vhdl/1_miei/3_2_RiconoscitoreBoard\vivado.jou
# Running On: DESKTOP-MFGGA9M, OS: Windows, CPU Frequency: 3700 MHz, CPU Physical cores: 12, Host memory: 17102 MB
#-----------------------------------------------------------
start_gui
open_project C:/Users/Fabio/Desktop/Magistrale/Architettura_dei_Sistemi_Digitali/vhdl/1_miei/3_2_RiconoscitoreBoard/3_2_RiconoscitoreBoard.xpr
update_compile_order -fileset sources_1
synth_design -rtl -rtl_skip_mlo -name rtl_1
